{
    "-profile test": {
        "content": [
            87,
            {
                "BLASTPARSE": {
                    "r-base": "4.4.3",
                    "tidyverse": "2.0.0",
                    "seqinr": "4.2.36"
                },
                "BLAST_BLASTN": {
                    "blast": "2.17.0+"
                },
                "BLAST_BLASTN_CONTIGS": {
                    "blast": "2.17.0+"
                },
                "BLAST_MAKEBLASTDB": {
                    "blast": "2.17.0+"
                },
                "BLAST_MAKEBLASTDB_CONTIGS": {
                    "blast": "2.17.0+"
                },
                "BOWTIE2_ALIGN": {
                    "bowtie2": "2.5.4",
                    "samtools": 1.21,
                    "pigz": 2.8
                },
                "BOWTIE2_BUILD": {
                    "bowtie2": "2.5.4"
                },
                "CAT_CANDIDATES": {
                    "cat": 9.4
                },
                "CAT_FILTERED_CONTIGS": {
                    "cat": 9.4
                },
                "CONSENSUS_DISTANCE": {
                    "r-base": "4.5.3",
                    "bioconductor-biostrings": "2.78.0",
                    "bioconductor-pwalign": "1.6.0"
                },
                "CONTAMINATION_REPORT": {
                    "r-base": "4.4.3",
                    "tidyverse": "2.0.0",
                    "jsonlite": "2.0.0"
                },
                "CONTIG_FILTER_RENAME": {
                    "awk": "mawk 1.3.4 20240123"
                },
                "FASTP": {
                    "fastp": "1.0.1"
                },
                "FASTQC_RAW": {
                    "fastqc": "0.12.1"
                },
                "FASTQC_TRIM": {
                    "fastqc": "0.12.1"
                },
                "IDXSTATS_NODUP": {
                    "samtools": "1.22.1"
                },
                "IDXSTATS_WITHDUP": {
                    "samtools": "1.22.1"
                },
                "INDEX_COMBINED": {
                    "samtools": "1.22.1"
                },
                "INDEX_DEDUP": {
                    "samtools": "1.22.1"
                },
                "INSTRUMENTID": {
                    "seqkit": "v2.10.0"
                },
                "IVAR_CONSENSUS": {
                    "ivar": "1.4.4"
                },
                "KRAKEN2_KRAKEN2": {
                    "kraken2": "2.1.6",
                    "pigz": 2.8
                },
                "PICARD_COLLECTINSERTSIZEMETRICS": {
                    "picard": "3.4.0"
                },
                "PLOTCOVERAGE": {
                    "r-base": "4.4.3",
                    "tidyverse": "2.0.0",
                    "seqinr": "4.2.36"
                },
                "PLOT_BAMVARIATION": {
                    "r-base": "4.4.2",
                    "tidyverse": "2.0.0",
                    "Rsamtools": "2.22.0"
                },
                "REHEADER_CANDIDATE": {
                    "samtools": "1.22.1"
                },
                "RESCUE_EVALUATION": {
                    "r-base": "4.4.3",
                    "tidyverse": "2.0.0",
                    "seqinr": "4.2.36"
                },
                "SAMPLESHEET_CHECK": {
                    "python": "3.8.3"
                },
                "SAMTOOLS_DEPTH": {
                    "samtools": "1.22.1"
                },
                "SAMTOOLS_SORMADUP": {
                    "samtools": "1.22.1"
                },
                "SAMTOOLS_VIEW": {
                    "samtools": "1.22.1"
                },
                "SPADES": {
                    "spades": "4.1.0"
                },
                "SUMMARIZE": {
                    "r-base": "4.4.2",
                    "tidyverse": "2.0.0",
                    "seqinr": "4.2.36",
                    "gridExtra": 2.3,
                    "png": "0.1.8"
                },
                "UNTAR_KRAKEN_ALL": {
                    "untar": 1.34
                },
                "UNTAR_KRAKEN_FOCUSED": {
                    "untar": 1.34
                },
                "Workflow": {
                    "folkehelseinstituttet/hcvtyper": "v1.3.0"
                }
            },
            [
                "QC",
                "QC/bam_variation",
                "QC/bam_variation/Test_2.bam_pileup_3a_D17763_cand1.tsv",
                "QC/bam_variation/Test_2.bam_variation_3a_D17763_cand1.tsv",
                "QC/bam_variation/Test_2.variation_plot_3a_D17763_cand1.png",
                "QC/bam_variation/Variation_plot_major.png",
                "QC/coverage_plots",
                "QC/coverage_plots/Test_2.cand1.3a_D17763.png",
                "QC/denovo",
                "QC/denovo/Test_1.alignment_plot.png",
                "QC/denovo/Test_1.bitscore_plot.png",
                "QC/denovo/Test_1.contig_dot_plot.png",
                "QC/denovo/Test_1.hitlength_plot.png",
                "QC/denovo/Test_2.alignment_plot.png",
                "QC/denovo/Test_2.bitscore_plot.png",
                "QC/denovo/Test_2.contig_dot_plot.png",
                "QC/denovo/Test_2.hitlength_plot.png",
                "QC/insert_size",
                "QC/insert_size/Test_1.pdf",
                "QC/insert_size/Test_1.txt",
                "QC/insert_size/Test_2.pdf",
                "QC/insert_size/Test_2.txt",
                "blast",
                "blast/Test_1.txt",
                "blast/Test_2.txt",
                "blastparse",
                "blastparse/Test_1.assembly_support.csv",
                "blastparse/Test_1.blastparse.csv",
                "blastparse/Test_1.rescue_audit.csv",
                "blastparse/Test_1.rescued.candidates.csv",
                "blastparse/Test_1_blast_out.csv",
                "blastparse/Test_2.assembly_support.csv",
                "blastparse/Test_2.blastparse.csv",
                "blastparse/Test_2.rescue_audit.csv",
                "blastparse/Test_2.rescued.candidates.csv",
                "blastparse/Test_2_blast_out.csv",
                "consensus",
                "consensus/Test_2.cand1.consensus_distance.tsv",
                "contamination_check",
                "contamination_check/contamination.contamination_direction.tsv",
                "contamination_check/contamination.contamination_heatmap.png",
                "contamination_check/contamination.contamination_mqc.json",
                "contamination_check/contamination.contamination_pairs.tsv",
                "fastp",
                "fastp/Test_1.fastp.html",
                "fastp/Test_1.fastp.json",
                "fastp/Test_1.fastp.log",
                "fastp/Test_2.fastp.html",
                "fastp/Test_2.fastp.json",
                "fastp/Test_2.fastp.log",
                "fastqc",
                "fastqc/Neg.raw_1_fastqc.html",
                "fastqc/Neg.raw_1_fastqc.zip",
                "fastqc/Neg.raw_2_fastqc.html",
                "fastqc/Neg.raw_2_fastqc.zip",
                "fastqc/Test_1.raw_1_fastqc.html",
                "fastqc/Test_1.raw_1_fastqc.zip",
                "fastqc/Test_1.raw_2_fastqc.html",
                "fastqc/Test_1.raw_2_fastqc.zip",
                "fastqc/Test_1_trimmed_1_fastqc.html",
                "fastqc/Test_1_trimmed_1_fastqc.zip",
                "fastqc/Test_1_trimmed_2_fastqc.html",
                "fastqc/Test_1_trimmed_2_fastqc.zip",
                "fastqc/Test_2.raw_1_fastqc.html",
                "fastqc/Test_2.raw_1_fastqc.zip",
                "fastqc/Test_2.raw_2_fastqc.html",
                "fastqc/Test_2.raw_2_fastqc.zip",
                "fastqc/Test_2_trimmed_1_fastqc.html",
                "fastqc/Test_2_trimmed_1_fastqc.zip",
                "fastqc/Test_2_trimmed_2_fastqc.html",
                "fastqc/Test_2_trimmed_2_fastqc.zip",
                "instrumentid",
                "instrumentid/Neg.sequencerID.tsv",
                "instrumentid/Test_1.sequencerID.tsv",
                "instrumentid/Test_2.sequencerID.tsv",
                "ivar",
                "ivar/Test_2.cand1.fa",
                "ivar/Test_2.cand1.qual.txt",
                "kraken2",
                "kraken2/Test_1.entireDB.kraken2.report.txt",
                "kraken2/Test_1.focused.classified_1.fastq.gz",
                "kraken2/Test_1.focused.classified_2.fastq.gz",
                "kraken2/Test_1.focused.kraken2.report.txt",
                "kraken2/Test_2.entireDB.kraken2.report.txt",
                "kraken2/Test_2.focused.classified_1.fastq.gz",
                "kraken2/Test_2.focused.classified_2.fastq.gz",
                "kraken2/Test_2.focused.kraken2.report.txt",
                "multiqc",
                "multiqc/multiqc_data",
                "multiqc/multiqc_data/fastp-insert-size-plot.txt",
                "multiqc/multiqc_data/fastp-seq-content-gc-plot_Read_1_After_filtering.txt",
                "multiqc/multiqc_data/fastp-seq-content-gc-plot_Read_1_Before_filtering.txt",
                "multiqc/multiqc_data/fastp-seq-content-gc-plot_Read_2_After_filtering.txt",
                "multiqc/multiqc_data/fastp-seq-content-gc-plot_Read_2_Before_filtering.txt",
                "multiqc/multiqc_data/fastp-seq-content-n-plot_Read_1_After_filtering.txt",
                "multiqc/multiqc_data/fastp-seq-content-n-plot_Read_1_Before_filtering.txt",
                "multiqc/multiqc_data/fastp-seq-content-n-plot_Read_2_After_filtering.txt",
                "multiqc/multiqc_data/fastp-seq-content-n-plot_Read_2_Before_filtering.txt",
                "multiqc/multiqc_data/fastp-seq-quality-plot_Read_1_After_filtering.txt",
                "multiqc/multiqc_data/fastp-seq-quality-plot_Read_1_Before_filtering.txt",
                "multiqc/multiqc_data/fastp-seq-quality-plot_Read_2_After_filtering.txt",
                "multiqc/multiqc_data/fastp-seq-quality-plot_Read_2_Before_filtering.txt",
                "multiqc/multiqc_data/fastp_filtered_reads_plot.txt",
                "multiqc/multiqc_data/fastqc-1-status-check-heatmap.txt",
                "multiqc/multiqc_data/fastqc-1_adapter_content_plot.txt",
                "multiqc/multiqc_data/fastqc-1_overrepresented_sequences_plot.txt",
                "multiqc/multiqc_data/fastqc-1_per_base_n_content_plot.txt",
                "multiqc/multiqc_data/fastqc-1_per_base_sequence_quality_plot.txt",
                "multiqc/multiqc_data/fastqc-1_per_sequence_gc_content_plot_Counts.txt",
                "multiqc/multiqc_data/fastqc-1_per_sequence_gc_content_plot_Percentages.txt",
                "multiqc/multiqc_data/fastqc-1_per_sequence_quality_scores_plot.txt",
                "multiqc/multiqc_data/fastqc-1_sequence_counts_plot.txt",
                "multiqc/multiqc_data/fastqc-1_sequence_duplication_levels_plot.txt",
                "multiqc/multiqc_data/fastqc-1_top_overrepresented_sequences_table.txt",
                "multiqc/multiqc_data/fastqc-status-check-heatmap.txt",
                "multiqc/multiqc_data/fastqc_adapter_content_plot.txt",
                "multiqc/multiqc_data/fastqc_overrepresented_sequences_plot.txt",
                "multiqc/multiqc_data/fastqc_per_base_n_content_plot.txt",
                "multiqc/multiqc_data/fastqc_per_base_sequence_quality_plot.txt",
                "multiqc/multiqc_data/fastqc_per_sequence_gc_content_plot_Counts.txt",
                "multiqc/multiqc_data/fastqc_per_sequence_gc_content_plot_Percentages.txt",
                "multiqc/multiqc_data/fastqc_per_sequence_quality_scores_plot.txt",
                "multiqc/multiqc_data/fastqc_sequence_counts_plot.txt",
                "multiqc/multiqc_data/fastqc_sequence_duplication_levels_plot.txt",
                "multiqc/multiqc_data/fastqc_sequence_length_distribution_plot.txt",
                "multiqc/multiqc_data/fastqc_top_overrepresented_sequences_table.txt",
                "multiqc/multiqc_data/kraken-1-top-n-plot_Class.txt",
                "multiqc/multiqc_data/kraken-1-top-n-plot_Domain.txt",
                "multiqc/multiqc_data/kraken-1-top-n-plot_Family.txt",
                "multiqc/multiqc_data/kraken-1-top-n-plot_Genus.txt",
                "multiqc/multiqc_data/kraken-1-top-n-plot_Kingdom.txt",
                "multiqc/multiqc_data/kraken-1-top-n-plot_Order.txt",
                "multiqc/multiqc_data/kraken-1-top-n-plot_Phylum.txt",
                "multiqc/multiqc_data/kraken-1-top-n-plot_Species.txt",
                "multiqc/multiqc_data/kraken-1-top-n-plot_Unclassified.txt",
                "multiqc/multiqc_data/kraken-top-n-plot_Class.txt",
                "multiqc/multiqc_data/kraken-top-n-plot_Domain.txt",
                "multiqc/multiqc_data/kraken-top-n-plot_Family.txt",
                "multiqc/multiqc_data/kraken-top-n-plot_Genus.txt",
                "multiqc/multiqc_data/kraken-top-n-plot_Kingdom.txt",
                "multiqc/multiqc_data/kraken-top-n-plot_Order.txt",
                "multiqc/multiqc_data/kraken-top-n-plot_Phylum.txt",
                "multiqc/multiqc_data/kraken-top-n-plot_Species.txt",
                "multiqc/multiqc_data/kraken-top-n-plot_Unclassified.txt",
                "multiqc/multiqc_data/llms-full.txt",
                "multiqc/multiqc_data/multiqc.log",
                "multiqc/multiqc_data/multiqc.parquet",
                "multiqc/multiqc_data/multiqc_citations.txt",
                "multiqc/multiqc_data/multiqc_data.json",
                "multiqc/multiqc_data/multiqc_fastp.txt",
                "multiqc/multiqc_data/multiqc_fastqc.txt",
                "multiqc/multiqc_data/multiqc_fastqc_fastqc-1.txt",
                "multiqc/multiqc_data/multiqc_general_stats.txt",
                "multiqc/multiqc_data/multiqc_glue_resistance_table.txt",
                "multiqc/multiqc_data/multiqc_kraken-1_kraken-1.txt",
                "multiqc/multiqc_data/multiqc_kraken.txt",
                "multiqc/multiqc_data/multiqc_software_versions.txt",
                "multiqc/multiqc_data/multiqc_sources.txt",
                "multiqc/multiqc_data/multiqc_summary.txt",
                "multiqc/multiqc_plots",
                "multiqc/multiqc_plots/pdf",
                "multiqc/multiqc_plots/pdf/fastp-insert-size-plot.pdf",
                "multiqc/multiqc_plots/pdf/fastp-seq-content-gc-plot_Read_1_After_filtering.pdf",
                "multiqc/multiqc_plots/pdf/fastp-seq-content-gc-plot_Read_1_Before_filtering.pdf",
                "multiqc/multiqc_plots/pdf/fastp-seq-content-gc-plot_Read_2_After_filtering.pdf",
                "multiqc/multiqc_plots/pdf/fastp-seq-content-gc-plot_Read_2_Before_filtering.pdf",
                "multiqc/multiqc_plots/pdf/fastp-seq-content-n-plot_Read_1_After_filtering.pdf",
                "multiqc/multiqc_plots/pdf/fastp-seq-content-n-plot_Read_1_Before_filtering.pdf",
                "multiqc/multiqc_plots/pdf/fastp-seq-content-n-plot_Read_2_After_filtering.pdf",
                "multiqc/multiqc_plots/pdf/fastp-seq-content-n-plot_Read_2_Before_filtering.pdf",
                "multiqc/multiqc_plots/pdf/fastp-seq-quality-plot_Read_1_After_filtering.pdf",
                "multiqc/multiqc_plots/pdf/fastp-seq-quality-plot_Read_1_Before_filtering.pdf",
                "multiqc/multiqc_plots/pdf/fastp-seq-quality-plot_Read_2_After_filtering.pdf",
                "multiqc/multiqc_plots/pdf/fastp-seq-quality-plot_Read_2_Before_filtering.pdf",
                "multiqc/multiqc_plots/pdf/fastp_filtered_reads_plot-cnt.pdf",
                "multiqc/multiqc_plots/pdf/fastp_filtered_reads_plot-pct.pdf",
                "multiqc/multiqc_plots/pdf/fastqc-1-status-check-heatmap.pdf",
                "multiqc/multiqc_plots/pdf/fastqc-1_adapter_content_plot.pdf",
                "multiqc/multiqc_plots/pdf/fastqc-1_overrepresented_sequences_plot.pdf",
                "multiqc/multiqc_plots/pdf/fastqc-1_per_base_n_content_plot.pdf",
                "multiqc/multiqc_plots/pdf/fastqc-1_per_base_sequence_quality_plot.pdf",
                "multiqc/multiqc_plots/pdf/fastqc-1_per_sequence_gc_content_plot_Counts.pdf",
                "multiqc/multiqc_plots/pdf/fastqc-1_per_sequence_gc_content_plot_Percentages.pdf",
                "multiqc/multiqc_plots/pdf/fastqc-1_per_sequence_quality_scores_plot.pdf",
                "multiqc/multiqc_plots/pdf/fastqc-1_sequence_counts_plot-cnt.pdf",
                "multiqc/multiqc_plots/pdf/fastqc-1_sequence_counts_plot-pct.pdf",
                "multiqc/multiqc_plots/pdf/fastqc-1_sequence_duplication_levels_plot.pdf",
                "multiqc/multiqc_plots/pdf/fastqc-1_top_overrepresented_sequences_table.pdf",
                "multiqc/multiqc_plots/pdf/fastqc-status-check-heatmap.pdf",
                "multiqc/multiqc_plots/pdf/fastqc_adapter_content_plot.pdf",
                "multiqc/multiqc_plots/pdf/fastqc_overrepresented_sequences_plot.pdf",
                "multiqc/multiqc_plots/pdf/fastqc_per_base_n_content_plot.pdf",
                "multiqc/multiqc_plots/pdf/fastqc_per_base_sequence_quality_plot.pdf",
                "multiqc/multiqc_plots/pdf/fastqc_per_sequence_gc_content_plot_Counts.pdf",
                "multiqc/multiqc_plots/pdf/fastqc_per_sequence_gc_content_plot_Percentages.pdf",
                "multiqc/multiqc_plots/pdf/fastqc_per_sequence_quality_scores_plot.pdf",
                "multiqc/multiqc_plots/pdf/fastqc_sequence_counts_plot-cnt.pdf",
                "multiqc/multiqc_plots/pdf/fastqc_sequence_counts_plot-pct.pdf",
                "multiqc/multiqc_plots/pdf/fastqc_sequence_duplication_levels_plot.pdf",
                "multiqc/multiqc_plots/pdf/fastqc_sequence_length_distribution_plot.pdf",
                "multiqc/multiqc_plots/pdf/fastqc_top_overrepresented_sequences_table.pdf",
                "multiqc/multiqc_plots/pdf/glue_resistance_table.pdf",
                "multiqc/multiqc_plots/pdf/kraken-1-top-n-plot_Class-cnt.pdf",
                "multiqc/multiqc_plots/pdf/kraken-1-top-n-plot_Class-pct.pdf",
                "multiqc/multiqc_plots/pdf/kraken-1-top-n-plot_Domain-cnt.pdf",
                "multiqc/multiqc_plots/pdf/kraken-1-top-n-plot_Domain-pct.pdf",
                "multiqc/multiqc_plots/pdf/kraken-1-top-n-plot_Family-cnt.pdf",
                "multiqc/multiqc_plots/pdf/kraken-1-top-n-plot_Family-pct.pdf",
                "multiqc/multiqc_plots/pdf/kraken-1-top-n-plot_Genus-cnt.pdf",
                "multiqc/multiqc_plots/pdf/kraken-1-top-n-plot_Genus-pct.pdf",
                "multiqc/multiqc_plots/pdf/kraken-1-top-n-plot_Kingdom-cnt.pdf",
                "multiqc/multiqc_plots/pdf/kraken-1-top-n-plot_Kingdom-pct.pdf",
                "multiqc/multiqc_plots/pdf/kraken-1-top-n-plot_Order-cnt.pdf",
                "multiqc/multiqc_plots/pdf/kraken-1-top-n-plot_Order-pct.pdf",
                "multiqc/multiqc_plots/pdf/kraken-1-top-n-plot_Phylum-cnt.pdf",
                "multiqc/multiqc_plots/pdf/kraken-1-top-n-plot_Phylum-pct.pdf",
                "multiqc/multiqc_plots/pdf/kraken-1-top-n-plot_Species-cnt.pdf",
                "multiqc/multiqc_plots/pdf/kraken-1-top-n-plot_Species-pct.pdf",
                "multiqc/multiqc_plots/pdf/kraken-1-top-n-plot_Unclassified-cnt.pdf",
                "multiqc/multiqc_plots/pdf/kraken-1-top-n-plot_Unclassified-pct.pdf",
                "multiqc/multiqc_plots/pdf/kraken-top-n-plot_Class-cnt.pdf",
                "multiqc/multiqc_plots/pdf/kraken-top-n-plot_Class-pct.pdf",
                "multiqc/multiqc_plots/pdf/kraken-top-n-plot_Domain-cnt.pdf",
                "multiqc/multiqc_plots/pdf/kraken-top-n-plot_Domain-pct.pdf",
                "multiqc/multiqc_plots/pdf/kraken-top-n-plot_Family-cnt.pdf",
                "multiqc/multiqc_plots/pdf/kraken-top-n-plot_Family-pct.pdf",
                "multiqc/multiqc_plots/pdf/kraken-top-n-plot_Genus-cnt.pdf",
                "multiqc/multiqc_plots/pdf/kraken-top-n-plot_Genus-pct.pdf",
                "multiqc/multiqc_plots/pdf/kraken-top-n-plot_Kingdom-cnt.pdf",
                "multiqc/multiqc_plots/pdf/kraken-top-n-plot_Kingdom-pct.pdf",
                "multiqc/multiqc_plots/pdf/kraken-top-n-plot_Order-cnt.pdf",
                "multiqc/multiqc_plots/pdf/kraken-top-n-plot_Order-pct.pdf",
                "multiqc/multiqc_plots/pdf/kraken-top-n-plot_Phylum-cnt.pdf",
                "multiqc/multiqc_plots/pdf/kraken-top-n-plot_Phylum-pct.pdf",
                "multiqc/multiqc_plots/pdf/kraken-top-n-plot_Species-cnt.pdf",
                "multiqc/multiqc_plots/pdf/kraken-top-n-plot_Species-pct.pdf",
                "multiqc/multiqc_plots/pdf/kraken-top-n-plot_Unclassified-cnt.pdf",
                "multiqc/multiqc_plots/pdf/kraken-top-n-plot_Unclassified-pct.pdf",
                "multiqc/multiqc_plots/pdf/summary.pdf",
                "multiqc/multiqc_plots/png",
                "multiqc/multiqc_plots/png/fastp-insert-size-plot.png",
                "multiqc/multiqc_plots/png/fastp-seq-content-gc-plot_Read_1_After_filtering.png",
                "multiqc/multiqc_plots/png/fastp-seq-content-gc-plot_Read_1_Before_filtering.png",
                "multiqc/multiqc_plots/png/fastp-seq-content-gc-plot_Read_2_After_filtering.png",
                "multiqc/multiqc_plots/png/fastp-seq-content-gc-plot_Read_2_Before_filtering.png",
                "multiqc/multiqc_plots/png/fastp-seq-content-n-plot_Read_1_After_filtering.png",
                "multiqc/multiqc_plots/png/fastp-seq-content-n-plot_Read_1_Before_filtering.png",
                "multiqc/multiqc_plots/png/fastp-seq-content-n-plot_Read_2_After_filtering.png",
                "multiqc/multiqc_plots/png/fastp-seq-content-n-plot_Read_2_Before_filtering.png",
                "multiqc/multiqc_plots/png/fastp-seq-quality-plot_Read_1_After_filtering.png",
                "multiqc/multiqc_plots/png/fastp-seq-quality-plot_Read_1_Before_filtering.png",
                "multiqc/multiqc_plots/png/fastp-seq-quality-plot_Read_2_After_filtering.png",
                "multiqc/multiqc_plots/png/fastp-seq-quality-plot_Read_2_Before_filtering.png",
                "multiqc/multiqc_plots/png/fastp_filtered_reads_plot-cnt.png",
                "multiqc/multiqc_plots/png/fastp_filtered_reads_plot-pct.png",
                "multiqc/multiqc_plots/png/fastqc-1-status-check-heatmap.png",
                "multiqc/multiqc_plots/png/fastqc-1_adapter_content_plot.png",
                "multiqc/multiqc_plots/png/fastqc-1_overrepresented_sequences_plot.png",
                "multiqc/multiqc_plots/png/fastqc-1_per_base_n_content_plot.png",
                "multiqc/multiqc_plots/png/fastqc-1_per_base_sequence_quality_plot.png",
                "multiqc/multiqc_plots/png/fastqc-1_per_sequence_gc_content_plot_Counts.png",
                "multiqc/multiqc_plots/png/fastqc-1_per_sequence_gc_content_plot_Percentages.png",
                "multiqc/multiqc_plots/png/fastqc-1_per_sequence_quality_scores_plot.png",
                "multiqc/multiqc_plots/png/fastqc-1_sequence_counts_plot-cnt.png",
                "multiqc/multiqc_plots/png/fastqc-1_sequence_counts_plot-pct.png",
                "multiqc/multiqc_plots/png/fastqc-1_sequence_duplication_levels_plot.png",
                "multiqc/multiqc_plots/png/fastqc-1_top_overrepresented_sequences_table.png",
                "multiqc/multiqc_plots/png/fastqc-status-check-heatmap.png",
                "multiqc/multiqc_plots/png/fastqc_adapter_content_plot.png",
                "multiqc/multiqc_plots/png/fastqc_overrepresented_sequences_plot.png",
                "multiqc/multiqc_plots/png/fastqc_per_base_n_content_plot.png",
                "multiqc/multiqc_plots/png/fastqc_per_base_sequence_quality_plot.png",
                "multiqc/multiqc_plots/png/fastqc_per_sequence_gc_content_plot_Counts.png",
                "multiqc/multiqc_plots/png/fastqc_per_sequence_gc_content_plot_Percentages.png",
                "multiqc/multiqc_plots/png/fastqc_per_sequence_quality_scores_plot.png",
                "multiqc/multiqc_plots/png/fastqc_sequence_counts_plot-cnt.png",
                "multiqc/multiqc_plots/png/fastqc_sequence_counts_plot-pct.png",
                "multiqc/multiqc_plots/png/fastqc_sequence_duplication_levels_plot.png",
                "multiqc/multiqc_plots/png/fastqc_sequence_length_distribution_plot.png",
                "multiqc/multiqc_plots/png/fastqc_top_overrepresented_sequences_table.png",
                "multiqc/multiqc_plots/png/glue_resistance_table.png",
                "multiqc/multiqc_plots/png/kraken-1-top-n-plot_Class-cnt.png",
                "multiqc/multiqc_plots/png/kraken-1-top-n-plot_Class-pct.png",
                "multiqc/multiqc_plots/png/kraken-1-top-n-plot_Domain-cnt.png",
                "multiqc/multiqc_plots/png/kraken-1-top-n-plot_Domain-pct.png",
                "multiqc/multiqc_plots/png/kraken-1-top-n-plot_Family-cnt.png",
                "multiqc/multiqc_plots/png/kraken-1-top-n-plot_Family-pct.png",
                "multiqc/multiqc_plots/png/kraken-1-top-n-plot_Genus-cnt.png",
                "multiqc/multiqc_plots/png/kraken-1-top-n-plot_Genus-pct.png",
                "multiqc/multiqc_plots/png/kraken-1-top-n-plot_Kingdom-cnt.png",
                "multiqc/multiqc_plots/png/kraken-1-top-n-plot_Kingdom-pct.png",
                "multiqc/multiqc_plots/png/kraken-1-top-n-plot_Order-cnt.png",
                "multiqc/multiqc_plots/png/kraken-1-top-n-plot_Order-pct.png",
                "multiqc/multiqc_plots/png/kraken-1-top-n-plot_Phylum-cnt.png",
                "multiqc/multiqc_plots/png/kraken-1-top-n-plot_Phylum-pct.png",
                "multiqc/multiqc_plots/png/kraken-1-top-n-plot_Species-cnt.png",
                "multiqc/multiqc_plots/png/kraken-1-top-n-plot_Species-pct.png",
                "multiqc/multiqc_plots/png/kraken-1-top-n-plot_Unclassified-cnt.png",
                "multiqc/multiqc_plots/png/kraken-1-top-n-plot_Unclassified-pct.png",
                "multiqc/multiqc_plots/png/kraken-top-n-plot_Class-cnt.png",
                "multiqc/multiqc_plots/png/kraken-top-n-plot_Class-pct.png",
                "multiqc/multiqc_plots/png/kraken-top-n-plot_Domain-cnt.png",
                "multiqc/multiqc_plots/png/kraken-top-n-plot_Domain-pct.png",
                "multiqc/multiqc_plots/png/kraken-top-n-plot_Family-cnt.png",
                "multiqc/multiqc_plots/png/kraken-top-n-plot_Family-pct.png",
                "multiqc/multiqc_plots/png/kraken-top-n-plot_Genus-cnt.png",
                "multiqc/multiqc_plots/png/kraken-top-n-plot_Genus-pct.png",
                "multiqc/multiqc_plots/png/kraken-top-n-plot_Kingdom-cnt.png",
                "multiqc/multiqc_plots/png/kraken-top-n-plot_Kingdom-pct.png",
                "multiqc/multiqc_plots/png/kraken-top-n-plot_Order-cnt.png",
                "multiqc/multiqc_plots/png/kraken-top-n-plot_Order-pct.png",
                "multiqc/multiqc_plots/png/kraken-top-n-plot_Phylum-cnt.png",
                "multiqc/multiqc_plots/png/kraken-top-n-plot_Phylum-pct.png",
                "multiqc/multiqc_plots/png/kraken-top-n-plot_Species-cnt.png",
                "multiqc/multiqc_plots/png/kraken-top-n-plot_Species-pct.png",
                "multiqc/multiqc_plots/png/kraken-top-n-plot_Unclassified-cnt.png",
                "multiqc/multiqc_plots/png/kraken-top-n-plot_Unclassified-pct.png",
                "multiqc/multiqc_plots/png/summary.png",
                "multiqc/multiqc_plots/svg",
                "multiqc/multiqc_plots/svg/fastp-insert-size-plot.svg",
                "multiqc/multiqc_plots/svg/fastp-seq-content-gc-plot_Read_1_After_filtering.svg",
                "multiqc/multiqc_plots/svg/fastp-seq-content-gc-plot_Read_1_Before_filtering.svg",
                "multiqc/multiqc_plots/svg/fastp-seq-content-gc-plot_Read_2_After_filtering.svg",
                "multiqc/multiqc_plots/svg/fastp-seq-content-gc-plot_Read_2_Before_filtering.svg",
                "multiqc/multiqc_plots/svg/fastp-seq-content-n-plot_Read_1_After_filtering.svg",
                "multiqc/multiqc_plots/svg/fastp-seq-content-n-plot_Read_1_Before_filtering.svg",
                "multiqc/multiqc_plots/svg/fastp-seq-content-n-plot_Read_2_After_filtering.svg",
                "multiqc/multiqc_plots/svg/fastp-seq-content-n-plot_Read_2_Before_filtering.svg",
                "multiqc/multiqc_plots/svg/fastp-seq-quality-plot_Read_1_After_filtering.svg",
                "multiqc/multiqc_plots/svg/fastp-seq-quality-plot_Read_1_Before_filtering.svg",
                "multiqc/multiqc_plots/svg/fastp-seq-quality-plot_Read_2_After_filtering.svg",
                "multiqc/multiqc_plots/svg/fastp-seq-quality-plot_Read_2_Before_filtering.svg",
                "multiqc/multiqc_plots/svg/fastp_filtered_reads_plot-cnt.svg",
                "multiqc/multiqc_plots/svg/fastp_filtered_reads_plot-pct.svg",
                "multiqc/multiqc_plots/svg/fastqc-1-status-check-heatmap.svg",
                "multiqc/multiqc_plots/svg/fastqc-1_adapter_content_plot.svg",
                "multiqc/multiqc_plots/svg/fastqc-1_overrepresented_sequences_plot.svg",
                "multiqc/multiqc_plots/svg/fastqc-1_per_base_n_content_plot.svg",
                "multiqc/multiqc_plots/svg/fastqc-1_per_base_sequence_quality_plot.svg",
                "multiqc/multiqc_plots/svg/fastqc-1_per_sequence_gc_content_plot_Counts.svg",
                "multiqc/multiqc_plots/svg/fastqc-1_per_sequence_gc_content_plot_Percentages.svg",
                "multiqc/multiqc_plots/svg/fastqc-1_per_sequence_quality_scores_plot.svg",
                "multiqc/multiqc_plots/svg/fastqc-1_sequence_counts_plot-cnt.svg",
                "multiqc/multiqc_plots/svg/fastqc-1_sequence_counts_plot-pct.svg",
                "multiqc/multiqc_plots/svg/fastqc-1_sequence_duplication_levels_plot.svg",
                "multiqc/multiqc_plots/svg/fastqc-1_top_overrepresented_sequences_table.svg",
                "multiqc/multiqc_plots/svg/fastqc-status-check-heatmap.svg",
                "multiqc/multiqc_plots/svg/fastqc_adapter_content_plot.svg",
                "multiqc/multiqc_plots/svg/fastqc_overrepresented_sequences_plot.svg",
                "multiqc/multiqc_plots/svg/fastqc_per_base_n_content_plot.svg",
                "multiqc/multiqc_plots/svg/fastqc_per_base_sequence_quality_plot.svg",
                "multiqc/multiqc_plots/svg/fastqc_per_sequence_gc_content_plot_Counts.svg",
                "multiqc/multiqc_plots/svg/fastqc_per_sequence_gc_content_plot_Percentages.svg",
                "multiqc/multiqc_plots/svg/fastqc_per_sequence_quality_scores_plot.svg",
                "multiqc/multiqc_plots/svg/fastqc_sequence_counts_plot-cnt.svg",
                "multiqc/multiqc_plots/svg/fastqc_sequence_counts_plot-pct.svg",
                "multiqc/multiqc_plots/svg/fastqc_sequence_duplication_levels_plot.svg",
                "multiqc/multiqc_plots/svg/fastqc_sequence_length_distribution_plot.svg",
                "multiqc/multiqc_plots/svg/fastqc_top_overrepresented_sequences_table.svg",
                "multiqc/multiqc_plots/svg/glue_resistance_table.svg",
                "multiqc/multiqc_plots/svg/kraken-1-top-n-plot_Class-cnt.svg",
                "multiqc/multiqc_plots/svg/kraken-1-top-n-plot_Class-pct.svg",
                "multiqc/multiqc_plots/svg/kraken-1-top-n-plot_Domain-cnt.svg",
                "multiqc/multiqc_plots/svg/kraken-1-top-n-plot_Domain-pct.svg",
                "multiqc/multiqc_plots/svg/kraken-1-top-n-plot_Family-cnt.svg",
                "multiqc/multiqc_plots/svg/kraken-1-top-n-plot_Family-pct.svg",
                "multiqc/multiqc_plots/svg/kraken-1-top-n-plot_Genus-cnt.svg",
                "multiqc/multiqc_plots/svg/kraken-1-top-n-plot_Genus-pct.svg",
                "multiqc/multiqc_plots/svg/kraken-1-top-n-plot_Kingdom-cnt.svg",
                "multiqc/multiqc_plots/svg/kraken-1-top-n-plot_Kingdom-pct.svg",
                "multiqc/multiqc_plots/svg/kraken-1-top-n-plot_Order-cnt.svg",
                "multiqc/multiqc_plots/svg/kraken-1-top-n-plot_Order-pct.svg",
                "multiqc/multiqc_plots/svg/kraken-1-top-n-plot_Phylum-cnt.svg",
                "multiqc/multiqc_plots/svg/kraken-1-top-n-plot_Phylum-pct.svg",
                "multiqc/multiqc_plots/svg/kraken-1-top-n-plot_Species-cnt.svg",
                "multiqc/multiqc_plots/svg/kraken-1-top-n-plot_Species-pct.svg",
                "multiqc/multiqc_plots/svg/kraken-1-top-n-plot_Unclassified-cnt.svg",
                "multiqc/multiqc_plots/svg/kraken-1-top-n-plot_Unclassified-pct.svg",
                "multiqc/multiqc_plots/svg/kraken-top-n-plot_Class-cnt.svg",
                "multiqc/multiqc_plots/svg/kraken-top-n-plot_Class-pct.svg",
                "multiqc/multiqc_plots/svg/kraken-top-n-plot_Domain-cnt.svg",
                "multiqc/multiqc_plots/svg/kraken-top-n-plot_Domain-pct.svg",
                "multiqc/multiqc_plots/svg/kraken-top-n-plot_Family-cnt.svg",
                "multiqc/multiqc_plots/svg/kraken-top-n-plot_Family-pct.svg",
                "multiqc/multiqc_plots/svg/kraken-top-n-plot_Genus-cnt.svg",
                "multiqc/multiqc_plots/svg/kraken-top-n-plot_Genus-pct.svg",
                "multiqc/multiqc_plots/svg/kraken-top-n-plot_Kingdom-cnt.svg",
                "multiqc/multiqc_plots/svg/kraken-top-n-plot_Kingdom-pct.svg",
                "multiqc/multiqc_plots/svg/kraken-top-n-plot_Order-cnt.svg",
                "multiqc/multiqc_plots/svg/kraken-top-n-plot_Order-pct.svg",
                "multiqc/multiqc_plots/svg/kraken-top-n-plot_Phylum-cnt.svg",
                "multiqc/multiqc_plots/svg/kraken-top-n-plot_Phylum-pct.svg",
                "multiqc/multiqc_plots/svg/kraken-top-n-plot_Species-cnt.svg",
                "multiqc/multiqc_plots/svg/kraken-top-n-plot_Species-pct.svg",
                "multiqc/multiqc_plots/svg/kraken-top-n-plot_Unclassified-cnt.svg",
                "multiqc/multiqc_plots/svg/kraken-top-n-plot_Unclassified-pct.svg",
                "multiqc/multiqc_plots/svg/summary.svg",
                "multiqc/multiqc_report.html",
                "parsefirstmapping",
                "parsefirstmapping/Test_1.1b_EU781827_cand2.fa",
                "parsefirstmapping/Test_1.2a_AB047639_cand1.fa",
                "parsefirstmapping/Test_1.candidates.csv",
                "parsefirstmapping/Test_1.parsefirstmapping.csv",
                "parsefirstmapping/Test_2.3a_D17763_cand1.fa",
                "parsefirstmapping/Test_2.3i_JX227955_cand2.fa",
                "parsefirstmapping/Test_2.candidates.csv",
                "parsefirstmapping/Test_2.parsefirstmapping.csv",
                "pipeline_info",
                "pipeline_info/samplesheet.valid.csv",
                "pipeline_info/software_mqc_versions.yml",
                "samtools",
                "samtools/Test_1.combined.nodup.bam",
                "samtools/Test_1.combined.nodup.metrics",
                "samtools/Test_1.firstmapping.nodup.bam",
                "samtools/Test_1.firstmapping.nodup.bam.bai",
                "samtools/Test_1.firstmapping.nodup.idxstats",
                "samtools/Test_1.firstmapping.nodup.metrics",
                "samtools/Test_1.firstmapping.nodup.stats",
                "samtools/Test_1.firstmapping.withdup.sorted.tsv",
                "samtools/Test_1.firstmapping.withdup.stats",
                "samtools/Test_1.nodup.idxstats",
                "samtools/Test_1.withdup.idxstats",
                "samtools/Test_2.3a_D17763.cand1.nodup.tsv",
                "samtools/Test_2.combined.nodup.bam",
                "samtools/Test_2.combined.nodup.metrics",
                "samtools/Test_2.firstmapping.nodup.bam",
                "samtools/Test_2.firstmapping.nodup.bam.bai",
                "samtools/Test_2.firstmapping.nodup.idxstats",
                "samtools/Test_2.firstmapping.nodup.metrics",
                "samtools/Test_2.firstmapping.nodup.stats",
                "samtools/Test_2.firstmapping.withdup.sorted.tsv",
                "samtools/Test_2.firstmapping.withdup.stats",
                "samtools/Test_2.nodup.idxstats",
                "samtools/Test_2.withdup.idxstats",
                "samtools/versions.yml",
                "spades",
                "spades/Test_1.assembly.gfa.gz",
                "spades/Test_1.contigs.fa.gz",
                "spades/Test_1.scaffolds.fa.gz",
                "spades/Test_1.spades.log",
                "spades/Test_2.assembly.gfa.gz",
                "spades/Test_2.contigs.fa.gz",
                "spades/Test_2.scaffolds.fa.gz",
                "spades/Test_2.spades.log",
                "spades/Test_2.warnings.log",
                "summary",
                "summary/Summary.csv",
                "summary/candidates.csv"
            ],
            [
                "Test_2.bam_pileup_3a_D17763_cand1.tsv:md5,6049a0f80524c4e9990cb7a42ae47aa0",
                "Test_2.bam_variation_3a_D17763_cand1.tsv:md5,3f9bb14d29457ca1d5116517f1274c1e",
                "Test_2.variation_plot_3a_D17763_cand1.png:md5,89ffae32a14b50d0066b513caa63da33",
                "Variation_plot_major.png:md5,9a92c65519bafb9405b7fdc2ae076cf9",
                "Test_2.cand1.3a_D17763.png:md5,216c8f5d55e7ff5aa508409d78cb4f60",
                "Test_1.alignment_plot.png:md5,9b13c5dc862cc2d1b896c0ed05d28868",
                "Test_1.bitscore_plot.png:md5,a36c33543e0ec8da3013680397ad54af",
                "Test_1.contig_dot_plot.png:md5,42f971cd76b5b550e176f2ee4bb434cd",
                "Test_1.hitlength_plot.png:md5,0d615033162597f57c5c0252a4bf7d6c",
                "Test_2.alignment_plot.png:md5,2068b32ce1fd32ce0fedc4df2ee3eb95",
                "Test_2.bitscore_plot.png:md5,16c9282f387fe3255f2f32723f55b86b",
                "Test_2.contig_dot_plot.png:md5,6897ab176f98c79eec0a06bd3a1fd0d0",
                "Test_2.hitlength_plot.png:md5,1016b8016e419db44b0b50b5197539c9",
                "Test_1.txt:md5,fa6c5bc0319e5926111738ac6fc5b54c",
                "Test_2.txt:md5,ee87957fb3d6e24986c9cdd5a3250025",
                "Test_1.assembly_support.csv:md5,5426bcc4e1b699d3e1fe2a63ff751c8a",
                "Test_1.blastparse.csv:md5,d0578e270c7516fff347df60d46276d4",
                "Test_1.rescue_audit.csv:md5,dbc6e47533e9dd7f9564f97028823125",
                "Test_1.rescued.candidates.csv:md5,776d4953e21441a1d8985a595da3b2e4",
                "Test_1_blast_out.csv:md5,e67194b2923d8f06c3dce719e0786605",
                "Test_2.assembly_support.csv:md5,a682e5e79d968f38eb5970227b442f54",
                "Test_2.blastparse.csv:md5,485fb4f17a068c94d8ed8147f76935c8",
                "Test_2.rescue_audit.csv:md5,58f655fe637e0338a4b41a7d197999ec",
                "Test_2.rescued.candidates.csv:md5,3bd1ef966400d510ea9780658544ae3a",
                "Test_2_blast_out.csv:md5,f7dcbe58af8c7cc1579602ccd233df6a",
                "Test_2.cand1.consensus_distance.tsv:md5,b1f339762321ae284d1e1c97dff168e2",
                "contamination.contamination_direction.tsv:md5,194e3cdb4f3e8b29f16f5120a36e0c16",
                "contamination.contamination_heatmap.png:md5,fe4b52bd4069d087e2809a979fd00f86",
                "contamination.contamination_mqc.json:md5,62710c84d9ebc74004adfbe675bfcffb",
                "contamination.contamination_pairs.tsv:md5,e34e96daf763caaf46b5c3326990c70c",
                "Test_1.fastp.json:md5,4aa9de7ad400868af84034190632759b",
                "Test_2.fastp.json:md5,374e5babff0b4314f4b9f77c1ef16edc",
                "Neg.sequencerID.tsv:md5,68b329da9893e34099c7d8ad5cb9c940",
                "Test_1.sequencerID.tsv:md5,685fe635d9f55633963e5c04d6f04b91",
                "Test_2.sequencerID.tsv:md5,1badaa24b886757ce8fbda1273726adc",
                "Test_2.cand1.fa:md5,3fdbc1fec5bf4bb43cea0f5caeb949aa",
                "Test_2.cand1.qual.txt:md5,a3c535cec51422fcace3a9037b56037d",
                "Test_1.entireDB.kraken2.report.txt:md5,968ff21e6c5fc13222becf073e2c04c3",
                "Test_1.focused.classified_1.fastq.gz:md5,e83d18ff6b840bf6ad2a065188f2f947",
                "Test_1.focused.classified_2.fastq.gz:md5,04b27442202dddfd44d87f1c5ed15a5b",
                "Test_1.focused.kraken2.report.txt:md5,968ff21e6c5fc13222becf073e2c04c3",
                "Test_2.entireDB.kraken2.report.txt:md5,7f55b63a6102d27e0700994e38adcd4c",
                "Test_2.focused.classified_1.fastq.gz:md5,8fd4de88bebeb652f77da28eb76f2b5f",
                "Test_2.focused.classified_2.fastq.gz:md5,b872c3a04f47942da423314ea7d4f4e1",
                "Test_2.focused.kraken2.report.txt:md5,7f55b63a6102d27e0700994e38adcd4c",
                "fastp-insert-size-plot.txt:md5,35d17b2ddc8e2888fe938b063ab60dce",
                "fastp-seq-content-gc-plot_Read_1_After_filtering.txt:md5,af010466c18fd212a232d4d503619e86",
                "fastp-seq-content-gc-plot_Read_1_Before_filtering.txt:md5,05cdc8032732c9721db60af4b84d866f",
                "fastp-seq-content-gc-plot_Read_2_After_filtering.txt:md5,547f55a7a51d0b3d9a4b6b9b16407ad6",
                "fastp-seq-content-gc-plot_Read_2_Before_filtering.txt:md5,d4c48187f229d606f625dbd2b4da7800",
                "fastp-seq-content-n-plot_Read_1_After_filtering.txt:md5,c353cf77be74682908677e571e86f0e7",
                "fastp-seq-content-n-plot_Read_1_Before_filtering.txt:md5,6da00477adfc02651aec6149cd702461",
                "fastp-seq-content-n-plot_Read_2_After_filtering.txt:md5,c09768e49cdbe6fb1671ac055d3619ac",
                "fastp-seq-content-n-plot_Read_2_Before_filtering.txt:md5,c809c60c5b4e5083f79dbca390223c6b",
                "fastp-seq-quality-plot_Read_1_After_filtering.txt:md5,ac790ddc12bbd394f0f43be6bce99e54",
                "fastp-seq-quality-plot_Read_1_Before_filtering.txt:md5,a63666af37dd448ff0a7e617c7e4d5b2",
                "fastp-seq-quality-plot_Read_2_After_filtering.txt:md5,3dd53eed515a715abbcb9d4a0e120ff6",
                "fastp-seq-quality-plot_Read_2_Before_filtering.txt:md5,281c6e083d469264e028bf523cc4b211",
                "fastp_filtered_reads_plot.txt:md5,3d49565c5c1e7bf1a21267d1c95d234b",
                "fastqc-1-status-check-heatmap.txt:md5,c5d540e0b6a4610cebd6b4c348da5779",
                "fastqc-1_adapter_content_plot.txt:md5,c17c15efbf1ae38563015ebd2e43740f",
                "fastqc-1_overrepresented_sequences_plot.txt:md5,577d55a7cd569ac6bf77da0852d3a92e",
                "fastqc-1_per_base_n_content_plot.txt:md5,628496dc7597e3bba11d1d79a0c2d1d7",
                "fastqc-1_per_base_sequence_quality_plot.txt:md5,a9bc7ecad6d6a51eecee68ad35dbf354",
                "fastqc-1_per_sequence_gc_content_plot_Counts.txt:md5,589fe51098efc8ee5341693ff1be0670",
                "fastqc-1_per_sequence_gc_content_plot_Percentages.txt:md5,38519ed12b96ca7aeba6eb88ce94e655",
                "fastqc-1_per_sequence_quality_scores_plot.txt:md5,469baf7f810163e54245731b5a1b066e",
                "fastqc-1_sequence_counts_plot.txt:md5,897867444b7d17450ea1bb9eba6a89a2",
                "fastqc-1_sequence_duplication_levels_plot.txt:md5,acd0f2072b74053f17e27e08f8f6a16d",
                "fastqc-1_top_overrepresented_sequences_table.txt:md5,367b5921da45b10e81017c8d34126bcd",
                "fastqc-status-check-heatmap.txt:md5,30e9413ce60d30158b80915688e10372",
                "fastqc_adapter_content_plot.txt:md5,3b489af0d3d0db67fdba94df4a51b3f8",
                "fastqc_overrepresented_sequences_plot.txt:md5,2fbe78e4ab8139ed5db62073373819fd",
                "fastqc_per_base_n_content_plot.txt:md5,c78d7a770347484cef0e427f1b32d804",
                "fastqc_per_base_sequence_quality_plot.txt:md5,74c8e64f9e5b99af231fae6f2ce90540",
                "fastqc_per_sequence_gc_content_plot_Counts.txt:md5,27d8274945cd7303f54e945ec81f58d6",
                "fastqc_per_sequence_gc_content_plot_Percentages.txt:md5,7329410085715aeacc2e460f855b6155",
                "fastqc_per_sequence_quality_scores_plot.txt:md5,b642ac8f5ac389b81fc14239abc95d0e",
                "fastqc_sequence_counts_plot.txt:md5,d7fba98b743607e92d49922fcaa2f14f",
                "fastqc_sequence_duplication_levels_plot.txt:md5,b64f21c32027758f4587442d971f5364",
                "fastqc_sequence_length_distribution_plot.txt:md5,6a585813a943d86224cc446dc9e82523",
                "fastqc_top_overrepresented_sequences_table.txt:md5,6fc5d3822cd9c608557b5d1ba8030b22",
                "kraken-1-top-n-plot_Class.txt:md5,ceedd85b21abf552c59e198eac86f032",
                "kraken-1-top-n-plot_Domain.txt:md5,ef6e9f9079bab721de02ea31eea0604a",
                "kraken-1-top-n-plot_Family.txt:md5,bad8a479820b50bc75089f68c943ce38",
                "kraken-1-top-n-plot_Genus.txt:md5,a8c9097a726902f330b591041bd2a03b",
                "kraken-1-top-n-plot_Kingdom.txt:md5,ecaf889bca11697c1a8fbba2877c410e",
                "kraken-1-top-n-plot_Order.txt:md5,6938dd20e55cac067c448475d41d58d0",
                "kraken-1-top-n-plot_Phylum.txt:md5,409ea8dbb931386456ec353825fab702",
                "kraken-1-top-n-plot_Species.txt:md5,29eeae2f04ff61d45f38a62976553410",
                "kraken-1-top-n-plot_Unclassified.txt:md5,e0b9a0632957ccdbe746ac18f948372b",
                "kraken-top-n-plot_Class.txt:md5,0e2c8b0ad3fd70a72f5b24105dbae2a4",
                "kraken-top-n-plot_Domain.txt:md5,b82cec52a044afecb349b8db6a251f02",
                "kraken-top-n-plot_Family.txt:md5,c5bf089e3dfd16e78d8d17d7d8b113dd",
                "kraken-top-n-plot_Genus.txt:md5,5370146b48c04c7dffd74c9bdc71cf6c",
                "kraken-top-n-plot_Kingdom.txt:md5,7eb3b72e4250e5ce5aff2577041ab412",
                "kraken-top-n-plot_Order.txt:md5,9c0b822c5752bab2bb499d5fe47264d7",
                "kraken-top-n-plot_Phylum.txt:md5,84253f95765f8cae4d271a01dcf731d3",
                "kraken-top-n-plot_Species.txt:md5,f5869365fa63a055daa64e19de5a4a7d",
                "kraken-top-n-plot_Unclassified.txt:md5,529452f19135388b81728a7821d3551f",
                "multiqc_citations.txt:md5,97f1dcb4348072ce2865c29c5c306a3d",
                "multiqc_fastp.txt:md5,31a8e4537a4cbab97513fa8321e321b5",
                "multiqc_fastqc.txt:md5,9f77371c4ef71182fcc964fc08f30401",
                "multiqc_fastqc_fastqc-1.txt:md5,ba89a09d4c8f8bf76e577a0942101678",
                "multiqc_general_stats.txt:md5,bb4ba3f3797fbe402d0905355c0d49f9",
                "multiqc_glue_resistance_table.txt:md5,a8973b1828a2faec605e62e4dd4ae514",
                "multiqc_kraken-1_kraken-1.txt:md5,5a253204b192a4d211b35abd5dada86d",
                "multiqc_kraken.txt:md5,805f856012188fdde796f2049aa46934",
                "multiqc_software_versions.txt:md5,fec082fb95e4edf9f39e4c72e5c8531c",
                "multiqc_summary.txt:md5,dd8ba615b9e5dd4c283a5f86ad263ebd",
                "Test_1.1b_EU781827_cand2.fa:md5,adfbbbe2888176a86fb06277e29b8b52",
                "Test_1.2a_AB047639_cand1.fa:md5,f24df467ce79cd1d1933ce2b9e9968fe",
                "Test_1.candidates.csv:md5,861722f9bf232735a0302aa462a6a2d2",
                "Test_1.parsefirstmapping.csv:md5,83a2816e22f4742cfaf1df9a46d7aa62",
                "Test_2.3a_D17763_cand1.fa:md5,68b1a336e1df07e907e4e6bbf7a6bd0c",
                "Test_2.3i_JX227955_cand2.fa:md5,ff33583a6d1713674fceb02cee88e7df",
                "Test_2.candidates.csv:md5,a147446f0604416f3732f19429c7c768",
                "Test_2.parsefirstmapping.csv:md5,0eb3300a216d2aafe406d2fac15951ec",
                "samplesheet.valid.csv:md5,7c754c105d6f02287be32cc2530e4752",
                "Test_1.combined.nodup.bam:md5,f31826f716b4cdf6f34013a922f8b9ba",
                "Test_1.combined.nodup.metrics:md5,de82efe1f4a2d2a62eb3b61babbd79a8",
                "Test_1.firstmapping.nodup.bam:md5,523aaaef302497821eb4ca5228d39c19",
                "Test_1.firstmapping.nodup.bam.bai:md5,3b362c84ba98c93692a4f592f29d0de1",
                "Test_1.firstmapping.nodup.idxstats:md5,245b5af0e10b8b7518b47acd33159e42",
                "Test_1.firstmapping.nodup.metrics:md5,dc58fc89e3a6a8a3351095d96cf5924b",
                "Test_1.firstmapping.nodup.stats:md5,c6d67bae3cbf0e7caedc246ebd215fcf",
                "Test_1.firstmapping.withdup.sorted.tsv:md5,150e82ede439f5c95352596070410836",
                "Test_1.firstmapping.withdup.stats:md5,541e47d12f32392bb4ea78862e262402",
                "Test_1.nodup.idxstats:md5,25a54223bc363aa1ed57226f0d151781",
                "Test_1.withdup.idxstats:md5,a007e6993af6e57c4b0029a90f17d0a3",
                "Test_2.3a_D17763.cand1.nodup.tsv:md5,aec7c9f46543fff4e4317d3b98e93cbf",
                "Test_2.combined.nodup.bam:md5,b79952d2d51d6c8e243761c8937578d4",
                "Test_2.combined.nodup.metrics:md5,6f656e397c0e087c27b50e79e8145fc5",
                "Test_2.firstmapping.nodup.bam:md5,64e24ea52e6b038d063bb0c7edb48366",
                "Test_2.firstmapping.nodup.bam.bai:md5,fbd83ab752f2eacc930668eba38c0da7",
                "Test_2.firstmapping.nodup.idxstats:md5,8053304e6ec20e056c8c4643c056705f",
                "Test_2.firstmapping.nodup.metrics:md5,217e550a7168eeda40b06639a6bebbda",
                "Test_2.firstmapping.nodup.stats:md5,3daacc283eb19c1943aa953f7052a250",
                "Test_2.firstmapping.withdup.sorted.tsv:md5,4ccb2f0558f9506a1d397ce561f09bf7",
                "Test_2.firstmapping.withdup.stats:md5,48e5bf826689bd3a7eeccc190188e62d",
                "Test_2.nodup.idxstats:md5,1ef05cc93169700ed30c8a1dce2198df",
                "Test_2.withdup.idxstats:md5,265f0e0adf04678951b4dddf92922cfe",
                "Test_1.assembly.gfa.gz:md5,e1250b2e49368a1b2449bbc2e0fc3a51",
                "Test_1.contigs.fa.gz:md5,3d823acd845de33f4ee187bb55ef6de1",
                "Test_1.scaffolds.fa.gz:md5,3d823acd845de33f4ee187bb55ef6de1",
                "Test_2.assembly.gfa.gz:md5,a06895753c5684cdf8998a643b78c1e5",
                "Test_2.contigs.fa.gz:md5,5b3fec92c4c30705e3d4706ea8b9f853",
                "Test_2.scaffolds.fa.gz:md5,5b3fec92c4c30705e3d4706ea8b9f853",
                "Summary.csv:md5,d3e88a5b1a5e15b84618d02b214dbfcd",
                "candidates.csv:md5,5e744163a5f871465633b8f7ef3741d8"
            ]
        ],
        "timestamp": "2026-08-05T08:19:04.460819579",
        "meta": {
            "nf-test": "0.9.5",
            "nextflow": "24.10.1"
        }
    }
}