{
    "parsefirstmapping: 2k1b major keeps whole-name genotype (GATE-03)": {
        "content": [
            {
                "csv": [
                    [
                        {
                            "id": "2k1b_test"
                        },
                        "2k1b_test.parsefirstmapping.csv:md5,5c42a3496ae2de35cb812517c0742879"
                    ]
                ],
                "major_mapping": [
                    [
                        {
                            "id": "2k1b_test"
                        },
                        "2k1b_test.parsefirstmapping.csv:md5,5c42a3496ae2de35cb812517c0742879",
                        "2k1b_test.2k1b_AB031663_major.fa:md5,bce1fc9df8925bae4b060661b053ce2e"
                    ]
                ],
                "minor_mapping": [
                    
                ],
                "candidates": [
                    [
                        {
                            "id": "2k1b_test"
                        },
                        "2k1b_test.candidates.csv:md5,bfafdc53f032906d42f3811cfae24608"
                    ]
                ],
                "versions": [
                    "versions.yml:md5,9daace31d09a7f33c621aa047da2bf44"
                ]
            }
        ],
        "meta": {
            "nf-test": "0.9.3",
            "nextflow": "24.10.5"
        },
        "timestamp": "2026-06-12T17:03:02.946939887"
    },
    "parsefirstmapping: no minor FASTA when no valid minor (GATE-04)": {
        "content": [
            {
                "csv": [
                    [
                        {
                            "id": "no_minor_test"
                        },
                        "no_minor_test.parsefirstmapping.csv:md5,39bc7d5446861bba36c44f1bd78e1146"
                    ]
                ],
                "major_mapping": [
                    [
                        {
                            "id": "no_minor_test"
                        },
                        "no_minor_test.parsefirstmapping.csv:md5,39bc7d5446861bba36c44f1bd78e1146",
                        "no_minor_test.3a_D17763_major.fa:md5,20ca3a85c0fff19e410596de95a7c45f"
                    ]
                ],
                "minor_mapping": [
                    
                ],
                "candidates": [
                    [
                        {
                            "id": "no_minor_test"
                        },
                        "no_minor_test.candidates.csv:md5,6823ae5b6f2a74dfb038a68df611a51d"
                    ]
                ],
                "versions": [
                    "versions.yml:md5,9daace31d09a7f33c621aa047da2bf44"
                ]
            }
        ],
        "meta": {
            "nf-test": "0.9.3",
            "nextflow": "24.10.5"
        },
        "timestamp": "2026-06-12T17:03:18.696168326"
    },
    "parsefirstmapping: failing-major reports stats, no minor call (GATE-02)": {
        "content": [
            {
                "csv": [
                    [
                        {
                            "id": "ERR1810469_test"
                        },
                        "ERR1810469_test.parsefirstmapping.csv:md5,10fed8cf50f5833cbfc28a9c62a4e14c"
                    ]
                ],
                "major_mapping": [
                    [
                        {
                            "id": "ERR1810469_test"
                        },
                        "ERR1810469_test.parsefirstmapping.csv:md5,10fed8cf50f5833cbfc28a9c62a4e14c",
                        "ERR1810469_test.3a_D17763_major.fa:md5,20ca3a85c0fff19e410596de95a7c45f"
                    ]
                ],
                "minor_mapping": [
                    [
                        {
                            "id": "ERR1810469_test"
                        },
                        "ERR1810469_test.parsefirstmapping.csv:md5,10fed8cf50f5833cbfc28a9c62a4e14c",
                        "ERR1810469_test.1a_H77_minor.fa:md5,6ae0ea0027c61e64ed288468aa0c3623"
                    ]
                ],
                "candidates": [
                    [
                        {
                            "id": "ERR1810469_test"
                        },
                        "ERR1810469_test.candidates.csv:md5,04c65d8c4ebf173e04826f1524c6b196"
                    ]
                ],
                "versions": [
                    "versions.yml:md5,9daace31d09a7f33c621aa047da2bf44"
                ]
            }
        ],
        "meta": {
            "nf-test": "0.9.3",
            "nextflow": "24.10.5"
        },
        "timestamp": "2026-06-12T17:03:32.850438151"
    },
    "parsefirstmapping: idxstats + depth + references": {
        "content": [
            {
                "csv": [
                    [
                        {
                            "id": "Test_2"
                        },
                        "Test_2.parsefirstmapping.csv:md5,9e0b388177fb247c47086437dcce0a3e"
                    ]
                ],
                "major_mapping": [
                    [
                        {
                            "id": "Test_2"
                        },
                        "Test_2.parsefirstmapping.csv:md5,9e0b388177fb247c47086437dcce0a3e",
                        "Test_2.3a_D17763_major.fa:md5,20ca3a85c0fff19e410596de95a7c45f"
                    ]
                ],
                "minor_mapping": [
                    [
                        {
                            "id": "Test_2"
                        },
                        "Test_2.parsefirstmapping.csv:md5,9e0b388177fb247c47086437dcce0a3e",
                        "Test_2.4k_EU392173_minor.fa:md5,379bba7235f582f5ee3d83bc4fa9a4ca"
                    ]
                ],
                "candidates": [
                    [
                        {
                            "id": "Test_2"
                        },
                        "Test_2.candidates.csv:md5,6dffac00e04e45be909c883b4125d9a1"
                    ]
                ],
                "versions": [
                    "versions.yml:md5,9daace31d09a7f33c621aa047da2bf44"
                ]
            }
        ],
        "meta": {
            "nf-test": "0.9.3",
            "nextflow": "24.10.5"
        },
        "timestamp": "2026-06-12T17:02:41.338269959"
    },
    "parsefirstmapping: stub": {
        "content": [
            {
                "csv": [
                    [
                        {
                            "id": "Test_2"
                        },
                        "Test_2.parsefirstmapping.csv:md5,656bef5baa2360ade9a1fc17c81d3f93"
                    ]
                ],
                "major_mapping": [
                    [
                        {
                            "id": "Test_2"
                        },
                        "Test_2.parsefirstmapping.csv:md5,656bef5baa2360ade9a1fc17c81d3f93",
                        "Test_2.major.fa:md5,d41d8cd98f00b204e9800998ecf8427e"
                    ]
                ],
                "minor_mapping": [
                    [
                        {
                            "id": "Test_2"
                        },
                        "Test_2.parsefirstmapping.csv:md5,656bef5baa2360ade9a1fc17c81d3f93",
                        "Test_2.minor.fa:md5,d41d8cd98f00b204e9800998ecf8427e"
                    ]
                ],
                "candidates": [
                    [
                        {
                            "id": "Test_2"
                        },
                        "Test_2.candidates.csv:md5,1772b674dbe7afe7c05777e834d04656"
                    ]
                ],
                "versions": [
                    "versions.yml:md5,9fac854f66ac14c545de0dc040b553ef"
                ]
            }
        ],
        "meta": {
            "nf-test": "0.9.3",
            "nextflow": "24.10.5"
        },
        "timestamp": "2026-06-12T17:02:49.038251198"
    }
}