{
    "rescueevaluation: stub": {
        "content": [
            {
                "0": [
                    [
                        {
                            "id": "toy"
                        },
                        "toy.rescued.candidates.csv:md5,bab34c68898d8553d96fa2c03fff9676"
                    ]
                ],
                "1": [
                    [
                        {
                            "id": "toy"
                        },
                        "toy.rescue_audit.csv:md5,dbc6e47533e9dd7f9564f97028823125"
                    ]
                ],
                "2": [
                    [
                        {
                            "id": "toy"
                        },
                        [
                            "toy.stubref_cand1.fa:md5,d41d8cd98f00b204e9800998ecf8427e",
                            "toy.stubref_cand2.fa:md5,d41d8cd98f00b204e9800998ecf8427e"
                        ]
                    ]
                ],
                "3": [
                    "versions.yml:md5,7b91ddb119c0bb785d0f1723816e2d98"
                ],
                "candidate_fasta": [
                    [
                        {
                            "id": "toy"
                        },
                        [
                            "toy.stubref_cand1.fa:md5,d41d8cd98f00b204e9800998ecf8427e",
                            "toy.stubref_cand2.fa:md5,d41d8cd98f00b204e9800998ecf8427e"
                        ]
                    ]
                ],
                "candidates": [
                    [
                        {
                            "id": "toy"
                        },
                        "toy.rescued.candidates.csv:md5,bab34c68898d8553d96fa2c03fff9676"
                    ]
                ],
                "rescue_audit": [
                    [
                        {
                            "id": "toy"
                        },
                        "toy.rescue_audit.csv:md5,dbc6e47533e9dd7f9564f97028823125"
                    ]
                ],
                "versions": [
                    "versions.yml:md5,7b91ddb119c0bb785d0f1723816e2d98"
                ]
            }
        ],
        "meta": {
            "nf-test": "0.9.2",
            "nextflow": "24.10.1"
        },
        "timestamp": "2026-07-01T09:11:34.748896344"
    }
}