{
    "summarize: comprehensive summary": {
        "content": [
            {
                "summary": [
                    "Summary.csv:md5,0b5b575a299b4a9483a0a1b61fd3ee67"
                ],
                "mqc": [
                    "summary_mqc.csv:md5,0b5b575a299b4a9483a0a1b61fd3ee67"
                ],
                "png": [
                    "Variation_plot_major.png:md5,e19d8e3b61bdcb781ebb43e0328a6af4"
                ],
                "versions": [
                    "versions.yml:md5,bdc410e5c9e6ecec2ea6f41acaf3f8ef"
                ]
            }
        ],
        "meta": {
            "nf-test": "0.9.3",
            "nextflow": "24.10.5"
        },
        "timestamp": "2026-06-07T11:08:14.413644238"
    },
    "summarize: stub": {
        "content": [
            {
                "summary": [
                    "Summary.csv:md5,b4b7208afe480a8a299dd0badecf0213"
                ],
                "mqc": [
                    "summary_mqc.csv:md5,b4b7208afe480a8a299dd0badecf0213"
                ],
                "png": [
                    "summary_plot.png:md5,d41d8cd98f00b204e9800998ecf8427e"
                ],
                "versions": [
                    "versions.yml:md5,6a95a24db9848e61173bfd3c05ee2bde"
                ]
            }
        ],
        "meta": {
            "nf-test": "0.9.3",
            "nextflow": "24.10.5"
        },
        "timestamp": "2026-06-07T11:08:25.601370719"
    }
}