{
    "hcv - bam - stub": {
        "content": [
            [
                "versions.yml:md5,104ff0b25b9571e48d6e7eb420d675ae"
            ],
            "Test_2.3a_D17763.major.nodup.json",
            "Test_2.3a_D17763.major.nodup.html"
        ],
        "meta": {
            "nf-test": "0.9.3",
            "nextflow": "24.10.5"
        },
        "timestamp": "2026-06-08T13:36:39.167563969"
    }
}